// Jest Snapshot v1, https://goo.gl/fbAQLP

exports[`expects to checkout Snapshot Testing 1`] = `ShallowWrapper {}`;
